[INFO] Scanning for projects...
[INFO] 
[INFO] ------------------------< com.civicAI:backend >-------------------------
[INFO] Building  0.0.1-SNAPSHOT
[INFO]   from pom.xml
[INFO] --------------------------------[ jar ]---------------------------------
[INFO] 
[INFO] >>> spring-boot:4.1.0:run (default-cli) > test-compile @ backend >>>
[INFO] 
[INFO] --- resources:3.5.0:resources (default-resources) @ backend ---
[INFO] Copying 1 resource from src\main\resources to target\classes
[INFO] Copying 0 resource from src\main\resources to target\classes
[INFO] 
[INFO] --- compiler:3.15.0:compile (default-compile) @ backend ---
[INFO] Nothing to compile - all classes are up to date.
[INFO] 
[INFO] --- resources:3.5.0:testResources (default-testResources) @ backend ---
[INFO] skip non existing resourceDirectory D:\civicCity\backend\civicAI-backend\src\test\resources
[INFO] 
[INFO] --- compiler:3.15.0:testCompile (default-testCompile) @ backend ---
[INFO] Nothing to compile - all classes are up to date.
[INFO] 
[INFO] <<< spring-boot:4.1.0:run (default-cli) < test-compile @ backend <<<
[INFO] 
[INFO] 
[INFO] --- spring-boot:4.1.0:run (default-cli) @ backend ---
[INFO] Attaching agents: []

  .   ____          _            __ _ _
 /\\ / ___'_ __ _ _(_)_ __  __ _ \ \ \ \
( ( )\___ | '_ | '_| | '_ \/ _` | \ \ \ \
 \\/  ___)| |_)| | | | | || (_| |  ) ) ) )
  '  |____| .__|_| |_|_| |_\__, | / / / /
 =========|_|==============|___/=/_/_/_/

 :: Spring Boot ::                (v4.1.0)

2026-08-19T10:42:27.066+05:30  INFO 9896 --- [civicai-backend] [  restartedMain] com.civicAI.backend.BackendApplication   : Starting BackendApplication using Java 17.0.12 with PID 9896 (D:\civicCity\backend\civicAI-backend\target\classes started by anant in D:\civicCity\backend\civicAI-backend)
2026-08-19T10:42:27.072+05:30  INFO 9896 --- [civicai-backend] [  restartedMain] com.civicAI.backend.BackendApplication   : No active profile set, falling back to 1 default profile: "default"
2026-08-19T10:42:27.190+05:30  INFO 9896 --- [civicai-backend] [  restartedMain] .e.DevToolsPropertyDefaultsPostProcessor : Devtools property defaults active! Set 'spring.devtools.add-properties' to 'false' to disable
2026-08-19T10:42:27.190+05:30  INFO 9896 --- [civicai-backend] [  restartedMain] .e.DevToolsPropertyDefaultsPostProcessor : For additional web related logging consider setting the 'logging.level.web' property to 'DEBUG'
2026-08-19T10:42:28.408+05:30  INFO 9896 --- [civicai-backend] [  restartedMain] .s.d.r.c.RepositoryConfigurationDelegate : Bootstrapping Spring Data JPA repositories in DEFAULT mode.
2026-08-19T10:42:28.510+05:30  INFO 9896 --- [civicai-backend] [  restartedMain] .s.d.r.c.RepositoryConfigurationDelegate : Finished Spring Data repository scanning in 85 ms. Found 1 JPA repository interface.
2026-08-19T10:42:29.455+05:30  INFO 9896 --- [civicai-backend] [  restartedMain] o.s.boot.tomcat.TomcatWebServer          : Tomcat initialized with port 8080 (http)
2026-08-19T10:42:29.480+05:30  INFO 9896 --- [civicai-backend] [  restartedMain] o.apache.catalina.core.StandardService   : Starting service [Tomcat]
2026-08-19T10:42:29.481+05:30  INFO 9896 --- [civicai-backend] [  restartedMain] o.apache.catalina.core.StandardEngine    : Starting Servlet engine: [Apache Tomcat/11.0.22]
2026-08-19T10:42:29.590+05:30  INFO 9896 --- [civicai-backend] [  restartedMain] b.w.c.s.WebApplicationContextInitializer : Root WebApplicationContext: initialization completed in 2395 ms
2026-08-19T10:42:29.886+05:30  INFO 9896 --- [civicai-backend] [  restartedMain] org.hibernate.orm.jpa                    : HHH008540: Processing PersistenceUnitInfo [name: default]
2026-08-19T10:42:29.986+05:30  INFO 9896 --- [civicai-backend] [  restartedMain] org.hibernate.orm.core                   : HHH000001: Hibernate ORM core version 7.4.1.Final
2026-08-19T10:42:30.014+05:30  INFO 9896 --- [civicai-backend] [  restartedMain] o.h.spatial.integration.SpatialService   : HHH80000001: Hibernate Spatial integration enabled: true
2026-08-19T10:42:30.561+05:30  INFO 9896 --- [civicai-backend] [  restartedMain] com.zaxxer.hikari.HikariDataSource       : HikariPool-1 - Starting...
2026-08-19T10:42:30.887+05:30  INFO 9896 --- [civicai-backend] [  restartedMain] com.zaxxer.hikari.pool.HikariPool        : HikariPool-1 - Added connection org.postgresql.jdbc.PgConnection@6be9e2b5
2026-08-19T10:42:30.891+05:30  INFO 9896 --- [civicai-backend] [  restartedMain] com.zaxxer.hikari.HikariDataSource       : HikariPool-1 - Start completed.
2026-08-19T10:42:31.020+05:30  INFO 9896 --- [civicai-backend] [  restartedMain] org.hibernate.orm.connections.pooling    : HHH10001005: Database info:
	Database JDBC URL [jdbc:postgresql://localhost:5432/civicai_db]
	Database driver: PostgreSQL JDBC Driver
	Database dialect: PostgreSQLDialect
	Database version: 18.4
	Default catalog/schema: civicai_db/public
	Autocommit mode: undefined/unknown
	Isolation level: READ_COMMITTED [default READ_COMMITTED]
	JDBC fetch size: none
	Pool: DataSourceConnectionProvider
	Minimum pool size: undefined/unknown
	Maximum pool size: undefined/unknown
2026-08-19T10:42:31.419+05:30  INFO 9896 --- [civicai-backend] [  restartedMain] o.s.o.j.p.SpringPersistenceUnitInfo      : No LoadTimeWeaver setup: ignoring JPA class transformer
2026-08-19T10:42:33.187+05:30  INFO 9896 --- [civicai-backend] [  restartedMain] org.hibernate.orm.core                   : HHH000489: No JTA platform available (set 'hibernate.transaction.jta.platform' to enable JTA platform integration)
2026-08-19T10:42:33.336+05:30  INFO 9896 --- [civicai-backend] [  restartedMain] j.LocalContainerEntityManagerFactoryBean : Initialized JPA EntityManagerFactory for persistence unit 'default'
2026-08-19T10:42:33.480+05:30  INFO 9896 --- [civicai-backend] [  restartedMain] o.s.d.j.r.query.QueryEnhancerFactories   : Hibernate is in classpath; If applicable, HQL parser will be used.
2026-08-19T10:42:33.734+05:30  WARN 9896 --- [civicai-backend] [  restartedMain] JpaBaseConfiguration$JpaWebConfiguration : spring.jpa.open-in-view is enabled by default. Therefore, database queries may be performed during view rendering. Explicitly configure spring.jpa.open-in-view to disable this warning
2026-08-19T10:42:34.308+05:30  INFO 9896 --- [civicai-backend] [  restartedMain] o.s.boot.tomcat.TomcatWebServer          : Tomcat started on port 8080 (http) with context path '/'
2026-08-19T10:42:34.330+05:30  INFO 9896 --- [civicai-backend] [  restartedMain] com.civicAI.backend.BackendApplication   : Started BackendApplication in 8.209 seconds (process running for 9.199)
2026-08-19T10:42:59.937+05:30  INFO 9896 --- [civicai-backend] [nio-8080-exec-1] o.a.c.c.C.[Tomcat].[localhost].[/]       : Initializing Spring DispatcherServlet 'dispatcherServlet'
2026-08-19T10:42:59.938+05:30  INFO 9896 --- [civicai-backend] [nio-8080-exec-1] o.s.web.servlet.DispatcherServlet        : Initializing Servlet 'dispatcherServlet'
2026-08-19T10:42:59.940+05:30  INFO 9896 --- [civicai-backend] [nio-8080-exec-1] o.s.web.servlet.DispatcherServlet        : Completed initialization in 2 ms
2026-08-19T10:43:00.464+05:30  WARN 9896 --- [civicai-backend] [nio-8080-exec-2] .m.m.a.ExceptionHandlerExceptionResolver : Resolved [org.springframework.http.converter.HttpMessageNotReadableException: JSON parse error: Unexpected character ('\' (code 92)): was expecting double-quote to start property name]
Hibernate: 
    insert 
    into
        complaints
        (cluster_id, created_at, department_id, description, image_url, issue_type, location, priority, resolved_at, status, title, user_id) 
    values
        (?, ?, ?, ?, ?, ?, ?, ?, ?, ?, ?, ?)
2026-08-19T10:43:33.040+05:30  WARN 9896 --- [civicai-backend] [nio-8080-exec-3] org.hibernate.orm.jdbc.error             : HHH000247: ErrorCode: 0, SQLState: 23503
2026-08-19T10:43:33.041+05:30  WARN 9896 --- [civicai-backend] [nio-8080-exec-3] org.hibernate.orm.jdbc.error             : ERROR: insert or update on table "complaints" violates foreign key constraint "fk_complaint_user"
  Detail: Key (user_id)=(1) is not present in table "users".
2026-08-19T10:43:33.068+05:30  WARN 9896 --- [civicai-backend] [nio-8080-exec-3] .m.m.a.ExceptionHandlerExceptionResolver : Resolved [org.springframework.dao.DataIntegrityViolationException: could not execute statement [ERROR: insert or update on table "complaints" violates foreign key constraint "fk_complaint_user"<EOL>  Detail: Key (user_id)=(1) is not present in table "users".] [insert into complaints (cluster_id,created_at,department_id,description,image_url,issue_type,location,priority,resolved_at,status,title,user_id) values (?,?,?,?,?,?,?,?,?,?,?,?)]; SQL [insert into complaints (cluster_id,created_at,department_id,description,image_url,issue_type,location,priority,resolved_at,status,title,user_id) values (?,?,?,?,?,?,?,?,?,?,?,?)]; constraint [fk_complaint_user]]
Hibernate: 
    insert 
    into
        complaints
        (cluster_id, created_at, department_id, description, image_url, issue_type, location, priority, resolved_at, status, title, user_id) 
    values
        (?, ?, ?, ?, ?, ?, ?, ?, ?, ?, ?, ?)
2026-08-19T10:44:13.425+05:30  WARN 9896 --- [civicai-backend] [nio-8080-exec-6] .m.m.a.ExceptionHandlerExceptionResolver : Resolved [org.springframework.web.bind.MethodArgumentNotValidException: Validation failed for argument [0] in public com.civicAI.backend.dto.ComplaintResponse com.civicAI.backend.controller.ComplaintController.createComplaint(com.civicAI.backend.dto.ComplaintRequest) with 5 errors: [Field error in object 'complaintRequest' on field 'longitude': rejected value [null]; codes [NotNull.complaintRequest.longitude,NotNull.longitude,NotNull.java.lang.Double,NotNull]; arguments [org.springframework.context.support.DefaultMessageSourceResolvable: codes [complaintRequest.longitude,longitude]; arguments []; default message [longitude]]; default message [longitude is required]] [Field error in object 'complaintRequest' on field 'userId': rejected value [null]; codes [NotNull.complaintRequest.userId,NotNull.userId,NotNull.java.lang.Long,NotNull]; arguments [org.springframework.context.support.DefaultMessageSourceResolvable: codes [complaintRequest.userId,userId]; arguments []; default message [userId]]; default message [userId is required]] [Field error in object 'complaintRequest' on field 'title': rejected value [null]; codes [NotBlank.complaintRequest.title,NotBlank.title,NotBlank.java.lang.String,NotBlank]; arguments [org.springframework.context.support.DefaultMessageSourceResolvable: codes [complaintRequest.title,title]; arguments []; default message [title]]; default message [title is required]] [Field error in object 'complaintRequest' on field 'issueType': rejected value [null]; codes [NotBlank.complaintRequest.issueType,NotBlank.issueType,NotBlank.java.lang.String,NotBlank]; arguments [org.springframework.context.support.DefaultMessageSourceResolvable: codes [complaintRequest.issueType,issueType]; arguments []; default message [issueType]]; default message [issueType is required]] [Field error in object 'complaintRequest' on field 'latitude': rejected value [null]; codes [NotNull.complaintRequest.latitude,NotNull.latitude,NotNull.java.lang.Double,NotNull]; arguments [org.springframework.context.support.DefaultMessageSourceResolvable: codes [complaintRequest.latitude,latitude]; arguments []; default message [latitude]]; default message [latitude is required]] ]
